0 verbose cli C:\Program Files\nodejs\node.exe C:\Program Files\nodejs\node_modules\npm\bin\npm-cli.js
1 info using npm@11.6.2
2 info using node@v25.2.1
3 silly config load:file:C:\Program Files\nodejs\node_modules\npm\npmrc
4 silly config load:file:D:\Git\SKLand_Endfield_Checkin_bot\.npmrc
5 silly config load:file:C:\Users\Kustu\.npmrc
6 silly config load:file:C:\Users\Kustu\AppData\Roaming\npm\etc\npmrc
7 verbose title npm exec wrangler --version
8 verbose argv "exec" "--" "wrangler" "--version"
9 verbose logfile logs-max:10 dir:D:\Git\SKLand_Endfield_Checkin_bot\.npm-cache\_logs\2026-03-30T13_51_45_557Z-
10 verbose logfile D:\Git\SKLand_Endfield_Checkin_bot\.npm-cache\_logs\2026-03-30T13_51_45_557Z-debug-0.log
11 silly logfile done cleaning log files
12 silly packumentCache heap:4496293888 maxSize:1124073472 maxEntrySize:562036736
13 http fetch GET 200 https://registry.npmjs.org/wrangler 12055ms (cache miss)
14 silly packumentCache heap:4496293888 maxSize:1124073472 maxEntrySize:562036736
15 silly packumentCache heap:4496293888 maxSize:1124073472 maxEntrySize:562036736
16 warn exec The following package was not found and will be installed: wrangler@4.78.0
17 silly idealTree buildDeps
18 silly fetch manifest wrangler@4.78.0
19 silly packumentCache full:https://registry.npmjs.org/wrangler cache-miss
20 http fetch GET 200 https://registry.npmjs.org/wrangler 9613ms (cache miss)
21 silly packumentCache full:https://registry.npmjs.org/wrangler set size:undefined disposed:false
22 silly fetch manifest @cloudflare/workers-types@^4.20260317.1
23 silly packumentCache full:https://registry.npmjs.org/@cloudflare%2fworkers-types cache-miss
24 http fetch GET 200 https://registry.npmjs.org/@cloudflare%2fworkers-types 1125ms (cache miss)
25 silly packumentCache full:https://registry.npmjs.org/@cloudflare%2fworkers-types set size:undefined disposed:false
26 silly placeDep ROOT wrangler@4.78.0 OK for:  want: 4.78.0
27 silly fetch manifest blake3-wasm@2.1.5
28 silly packumentCache full:https://registry.npmjs.org/blake3-wasm cache-miss
29 silly fetch manifest esbuild@0.27.3
30 silly packumentCache full:https://registry.npmjs.org/esbuild cache-miss
31 silly fetch manifest path-to-regexp@6.3.0
32 silly packumentCache full:https://registry.npmjs.org/path-to-regexp cache-miss
33 silly fetch manifest unenv@2.0.0-rc.24
34 silly packumentCache full:https://registry.npmjs.org/unenv cache-miss
35 silly fetch manifest workerd@1.20260317.1
36 silly packumentCache full:https://registry.npmjs.org/workerd cache-miss
37 silly fetch manifest @cloudflare/kv-asset-handler@0.4.2
38 silly packumentCache full:https://registry.npmjs.org/@cloudflare%2fkv-asset-handler cache-miss
39 silly fetch manifest @cloudflare/unenv-preset@2.16.0
40 silly packumentCache full:https://registry.npmjs.org/@cloudflare%2funenv-preset cache-miss
41 silly fetch manifest miniflare@4.20260317.3
42 silly packumentCache full:https://registry.npmjs.org/miniflare cache-miss
43 silly fetch manifest fsevents@~2.3.2
44 silly packumentCache full:https://registry.npmjs.org/fsevents cache-miss
45 http fetch GET 200 https://registry.npmjs.org/blake3-wasm 854ms (cache miss)
46 silly packumentCache full:https://registry.npmjs.org/blake3-wasm set size:undefined disposed:false
47 http fetch GET 200 https://registry.npmjs.org/@cloudflare%2fkv-asset-handler 1137ms (cache miss)
48 silly packumentCache full:https://registry.npmjs.org/@cloudflare%2fkv-asset-handler set size:undefined disposed:false
49 http fetch GET 200 https://registry.npmjs.org/path-to-regexp 1238ms (cache miss)
50 silly packumentCache full:https://registry.npmjs.org/path-to-regexp set size:undefined disposed:false
51 http fetch GET 200 https://registry.npmjs.org/unenv 1285ms (cache miss)
52 silly packumentCache full:https://registry.npmjs.org/unenv set size:undefined disposed:false
53 http fetch GET 200 https://registry.npmjs.org/fsevents 2091ms (cache miss)
54 silly packumentCache full:https://registry.npmjs.org/fsevents set size:undefined disposed:false
55 http fetch GET 200 https://registry.npmjs.org/workerd 2406ms (cache miss)
56 silly packumentCache full:https://registry.npmjs.org/workerd set size:undefined disposed:false
57 http fetch GET 200 https://registry.npmjs.org/@cloudflare%2funenv-preset 2965ms (cache miss)
58 silly packumentCache full:https://registry.npmjs.org/@cloudflare%2funenv-preset set size:undefined disposed:false
59 http fetch GET 200 https://registry.npmjs.org/miniflare 3731ms (cache miss)
60 silly packumentCache full:https://registry.npmjs.org/miniflare set size:undefined disposed:false
61 http fetch GET 200 https://registry.npmjs.org/esbuild 5627ms (cache miss)
62 silly packumentCache full:https://registry.npmjs.org/esbuild set size:undefined disposed:false
63 silly placeDep ROOT @cloudflare/kv-asset-handler@0.4.2 OK for: wrangler@4.78.0 want: 0.4.2
64 silly placeDep ROOT @cloudflare/unenv-preset@2.16.0 OK for: wrangler@4.78.0 want: 2.16.0
65 silly placeDep ROOT unenv@2.0.0-rc.24 OK for: @cloudflare/unenv-preset@2.16.0 want: 2.0.0-rc.24
66 silly placeDep ROOT blake3-wasm@2.1.5 OK for: wrangler@4.78.0 want: 2.1.5
67 silly placeDep ROOT esbuild@0.27.3 OK for: wrangler@4.78.0 want: 0.27.3
68 silly placeDep ROOT fsevents@2.3.3 OK for: wrangler@4.78.0 want: ~2.3.2
69 silly placeDep ROOT miniflare@4.20260317.3 OK for: wrangler@4.78.0 want: 4.20260317.3
70 silly placeDep ROOT path-to-regexp@6.3.0 OK for: wrangler@4.78.0 want: 6.3.0
71 silly placeDep ROOT workerd@1.20260317.1 OK for: wrangler@4.78.0 want: 1.20260317.1
72 silly fetch manifest pathe@^2.0.3
73 silly packumentCache full:https://registry.npmjs.org/pathe cache-miss
74 silly fetch manifest @esbuild/aix-ppc64@0.27.3
75 silly packumentCache full:https://registry.npmjs.org/@esbuild%2faix-ppc64 cache-miss
76 silly fetch manifest @esbuild/linux-arm@0.27.3
77 silly packumentCache full:https://registry.npmjs.org/@esbuild%2flinux-arm cache-miss
78 silly fetch manifest @esbuild/linux-x64@0.27.3
79 silly packumentCache full:https://registry.npmjs.org/@esbuild%2flinux-x64 cache-miss
80 silly fetch manifest @esbuild/sunos-x64@0.27.3
81 silly packumentCache full:https://registry.npmjs.org/@esbuild%2fsunos-x64 cache-miss
82 silly fetch manifest @esbuild/win32-x64@0.27.3
83 silly packumentCache full:https://registry.npmjs.org/@esbuild%2fwin32-x64 cache-miss
84 silly fetch manifest @esbuild/darwin-x64@0.27.3
85 silly packumentCache full:https://registry.npmjs.org/@esbuild%2fdarwin-x64 cache-miss
86 silly fetch manifest @esbuild/linux-ia32@0.27.3
87 silly packumentCache full:https://registry.npmjs.org/@esbuild%2flinux-ia32 cache-miss
88 silly fetch manifest @esbuild/netbsd-x64@0.27.3
89 silly packumentCache full:https://registry.npmjs.org/@esbuild%2fnetbsd-x64 cache-miss
90 silly fetch manifest @esbuild/win32-ia32@0.27.3
91 silly packumentCache full:https://registry.npmjs.org/@esbuild%2fwin32-ia32 cache-miss
92 silly fetch manifest @esbuild/android-arm@0.27.3
93 silly packumentCache full:https://registry.npmjs.org/@esbuild%2fandroid-arm cache-miss
94 silly fetch manifest @esbuild/android-x64@0.27.3
95 silly packumentCache full:https://registry.npmjs.org/@esbuild%2fandroid-x64 cache-miss
96 silly fetch manifest @esbuild/freebsd-x64@0.27.3
97 silly packumentCache full:https://registry.npmjs.org/@esbuild%2ffreebsd-x64 cache-miss
98 silly fetch manifest @esbuild/linux-arm64@0.27.3
99 silly packumentCache full:https://registry.npmjs.org/@esbuild%2flinux-arm64 cache-miss
100 silly fetch manifest @esbuild/linux-ppc64@0.27.3
101 silly packumentCache full:https://registry.npmjs.org/@esbuild%2flinux-ppc64 cache-miss
102 silly fetch manifest @esbuild/linux-s390x@0.27.3
103 silly packumentCache full:https://registry.npmjs.org/@esbuild%2flinux-s390x cache-miss
104 silly fetch manifest @esbuild/openbsd-x64@0.27.3
105 silly packumentCache full:https://registry.npmjs.org/@esbuild%2fopenbsd-x64 cache-miss
106 silly fetch manifest @esbuild/win32-arm64@0.27.3
107 silly packumentCache full:https://registry.npmjs.org/@esbuild%2fwin32-arm64 cache-miss
108 silly fetch manifest @esbuild/darwin-arm64@0.27.3
109 silly packumentCache full:https://registry.npmjs.org/@esbuild%2fdarwin-arm64 cache-miss
110 silly fetch manifest @esbuild/netbsd-arm64@0.27.3
111 silly packumentCache full:https://registry.npmjs.org/@esbuild%2fnetbsd-arm64 cache-miss
112 silly fetch manifest @esbuild/android-arm64@0.27.3
113 silly packumentCache full:https://registry.npmjs.org/@esbuild%2fandroid-arm64 cache-miss
114 silly fetch manifest @esbuild/freebsd-arm64@0.27.3
115 silly packumentCache full:https://registry.npmjs.org/@esbuild%2ffreebsd-arm64 cache-miss
116 silly fetch manifest @esbuild/linux-loong64@0.27.3
117 silly packumentCache full:https://registry.npmjs.org/@esbuild%2flinux-loong64 cache-miss
118 silly fetch manifest @esbuild/linux-riscv64@0.27.3
119 silly packumentCache full:https://registry.npmjs.org/@esbuild%2flinux-riscv64 cache-miss
120 silly fetch manifest @esbuild/openbsd-arm64@0.27.3
121 silly packumentCache full:https://registry.npmjs.org/@esbuild%2fopenbsd-arm64 cache-miss
122 silly fetch manifest @esbuild/linux-mips64el@0.27.3
123 silly packumentCache full:https://registry.npmjs.org/@esbuild%2flinux-mips64el cache-miss
124 silly fetch manifest @esbuild/openharmony-arm64@0.27.3
125 silly packumentCache full:https://registry.npmjs.org/@esbuild%2fopenharmony-arm64 cache-miss
126 silly fetch manifest @cspotcode/source-map-support@0.8.1
127 silly packumentCache full:https://registry.npmjs.org/@cspotcode%2fsource-map-support cache-miss
128 silly fetch manifest sharp@^0.34.5
129 silly packumentCache full:https://registry.npmjs.org/sharp cache-miss
130 silly fetch manifest undici@7.24.4
131 silly packumentCache full:https://registry.npmjs.org/undici cache-miss
132 silly fetch manifest ws@8.18.0
133 silly packumentCache full:https://registry.npmjs.org/ws cache-miss
134 http fetch GET 200 https://registry.npmjs.org/pathe 276ms (cache miss)
135 silly packumentCache full:https://registry.npmjs.org/pathe set size:undefined disposed:false
136 silly fetch manifest youch@4.1.0-beta.10
137 silly packumentCache full:https://registry.npmjs.org/youch cache-miss
138 http fetch GET 200 https://registry.npmjs.org/@esbuild%2flinux-arm 498ms (cache miss)
139 silly packumentCache full:https://registry.npmjs.org/@esbuild%2flinux-arm set size:undefined disposed:false
140 silly fetch manifest @cloudflare/workerd-linux-64@1.20260317.1
141 silly packumentCache full:https://registry.npmjs.org/@cloudflare%2fworkerd-linux-64 cache-miss
142 http fetch GET 200 https://registry.npmjs.org/@esbuild%2fdarwin-x64 609ms (cache miss)
143 silly packumentCache full:https://registry.npmjs.org/@esbuild%2fdarwin-x64 set size:undefined disposed:false
144 silly fetch manifest @cloudflare/workerd-darwin-64@1.20260317.1
145 silly packumentCache full:https://registry.npmjs.org/@cloudflare%2fworkerd-darwin-64 cache-miss
146 http fetch GET 200 https://registry.npmjs.org/@esbuild%2fwin32-x64 690ms (cache miss)
147 silly packumentCache full:https://registry.npmjs.org/@esbuild%2fwin32-x64 set size:undefined disposed:false
148 silly fetch manifest @cloudflare/workerd-windows-64@1.20260317.1
149 silly packumentCache full:https://registry.npmjs.org/@cloudflare%2fworkerd-windows-64 cache-miss
150 http fetch GET 200 https://registry.npmjs.org/@esbuild%2fnetbsd-x64 709ms (cache miss)
151 silly packumentCache full:https://registry.npmjs.org/@esbuild%2fnetbsd-x64 set size:undefined disposed:false
152 silly fetch manifest @cloudflare/workerd-linux-arm64@1.20260317.1
153 silly packumentCache full:https://registry.npmjs.org/@cloudflare%2fworkerd-linux-arm64 cache-miss
154 http fetch GET 200 https://registry.npmjs.org/@esbuild%2flinux-ia32 738ms (cache miss)
155 silly packumentCache full:https://registry.npmjs.org/@esbuild%2flinux-ia32 set size:undefined disposed:false
156 silly fetch manifest @cloudflare/workerd-darwin-arm64@1.20260317.1
157 silly packumentCache full:https://registry.npmjs.org/@cloudflare%2fworkerd-darwin-arm64 cache-miss
158 http fetch GET 200 https://registry.npmjs.org/@esbuild%2flinux-x64 801ms (cache miss)
159 silly packumentCache full:https://registry.npmjs.org/@esbuild%2flinux-x64 set size:undefined disposed:false
160 http fetch GET 200 https://registry.npmjs.org/@esbuild%2flinux-ppc64 997ms (cache miss)
161 silly packumentCache full:https://registry.npmjs.org/@esbuild%2flinux-ppc64 set size:undefined disposed:false
162 http fetch GET 200 https://registry.npmjs.org/@esbuild%2flinux-s390x 1000ms (cache miss)
163 silly packumentCache full:https://registry.npmjs.org/@esbuild%2flinux-s390x set size:undefined disposed:false
164 http fetch GET 200 https://registry.npmjs.org/@esbuild%2fwin32-arm64 1202ms (cache miss)
165 silly packumentCache full:https://registry.npmjs.org/@esbuild%2fwin32-arm64 set size:undefined disposed:false
166 http fetch GET 200 https://registry.npmjs.org/@esbuild%2faix-ppc64 1215ms (cache miss)
167 silly packumentCache full:https://registry.npmjs.org/@esbuild%2faix-ppc64 set size:undefined disposed:false
168 http fetch GET 200 https://registry.npmjs.org/@esbuild%2fsunos-x64 1237ms (cache miss)
169 silly packumentCache full:https://registry.npmjs.org/@esbuild%2fsunos-x64 set size:undefined disposed:false
170 http fetch GET 200 https://registry.npmjs.org/@esbuild%2fandroid-arm64 1253ms (cache miss)
171 silly packumentCache full:https://registry.npmjs.org/@esbuild%2fandroid-arm64 set size:undefined disposed:false
172 http fetch GET 200 https://registry.npmjs.org/@esbuild%2fandroid-x64 1298ms (cache miss)
173 silly packumentCache full:https://registry.npmjs.org/@esbuild%2fandroid-x64 set size:undefined disposed:false
174 http fetch GET 200 https://registry.npmjs.org/@esbuild%2fdarwin-arm64 1350ms (cache miss)
175 silly packumentCache full:https://registry.npmjs.org/@esbuild%2fdarwin-arm64 set size:undefined disposed:false
176 http fetch GET 200 https://registry.npmjs.org/@esbuild%2ffreebsd-x64 1380ms (cache miss)
177 silly packumentCache full:https://registry.npmjs.org/@esbuild%2ffreebsd-x64 set size:undefined disposed:false
178 http fetch GET 200 https://registry.npmjs.org/@esbuild%2ffreebsd-arm64 1550ms (cache miss)
179 silly packumentCache full:https://registry.npmjs.org/@esbuild%2ffreebsd-arm64 set size:undefined disposed:false
180 http fetch GET 200 https://registry.npmjs.org/@esbuild%2flinux-loong64 1576ms (cache miss)
181 silly packumentCache full:https://registry.npmjs.org/@esbuild%2flinux-loong64 set size:undefined disposed:false
182 http fetch GET 200 https://registry.npmjs.org/@esbuild%2flinux-riscv64 1577ms (cache miss)
183 silly packumentCache full:https://registry.npmjs.org/@esbuild%2flinux-riscv64 set size:undefined disposed:false
184 http fetch GET 200 https://registry.npmjs.org/@esbuild%2fnetbsd-arm64 1602ms (cache miss)
185 silly packumentCache full:https://registry.npmjs.org/@esbuild%2fnetbsd-arm64 set size:undefined disposed:false
186 http fetch GET 200 https://registry.npmjs.org/@esbuild%2flinux-arm64 1698ms (cache miss)
187 silly packumentCache full:https://registry.npmjs.org/@esbuild%2flinux-arm64 set size:undefined disposed:false
188 http fetch GET 200 https://registry.npmjs.org/@esbuild%2fopenharmony-arm64 1718ms (cache miss)
189 silly packumentCache full:https://registry.npmjs.org/@esbuild%2fopenharmony-arm64 set size:undefined disposed:false
190 http fetch GET 200 https://registry.npmjs.org/@cspotcode%2fsource-map-support 1730ms (cache miss)
191 silly packumentCache full:https://registry.npmjs.org/@cspotcode%2fsource-map-support set size:undefined disposed:false
192 http fetch GET 200 https://registry.npmjs.org/@esbuild%2flinux-mips64el 1764ms (cache miss)
193 silly packumentCache full:https://registry.npmjs.org/@esbuild%2flinux-mips64el set size:undefined disposed:false
194 http fetch GET 200 https://registry.npmjs.org/@esbuild%2fandroid-arm 1907ms (cache miss)
195 silly packumentCache full:https://registry.npmjs.org/@esbuild%2fandroid-arm set size:undefined disposed:false
196 http fetch GET 200 https://registry.npmjs.org/@esbuild%2fopenbsd-arm64 2100ms (cache miss)
197 silly packumentCache full:https://registry.npmjs.org/@esbuild%2fopenbsd-arm64 set size:undefined disposed:false
198 http fetch GET 200 https://registry.npmjs.org/@esbuild%2fwin32-ia32 2167ms (cache miss)
199 silly packumentCache full:https://registry.npmjs.org/@esbuild%2fwin32-ia32 set size:undefined disposed:false
200 http fetch GET 200 https://registry.npmjs.org/sharp 2388ms (cache miss)
201 silly packumentCache full:https://registry.npmjs.org/sharp set size:undefined disposed:false
202 http fetch GET 200 https://registry.npmjs.org/@cloudflare%2fworkerd-linux-64 1909ms (cache miss)
203 silly packumentCache full:https://registry.npmjs.org/@cloudflare%2fworkerd-linux-64 set size:undefined disposed:false
204 http fetch GET 200 https://registry.npmjs.org/undici 2480ms (cache miss)
205 silly packumentCache full:https://registry.npmjs.org/undici set size:undefined disposed:false
206 http fetch GET 200 https://registry.npmjs.org/@esbuild%2fopenbsd-x64 2560ms (cache miss)
207 silly packumentCache full:https://registry.npmjs.org/@esbuild%2fopenbsd-x64 set size:undefined disposed:false
208 http fetch GET 200 https://registry.npmjs.org/@cloudflare%2fworkerd-windows-64 1966ms (cache miss)
209 silly packumentCache full:https://registry.npmjs.org/@cloudflare%2fworkerd-windows-64 set size:undefined disposed:false
210 http fetch GET 200 https://registry.npmjs.org/@cloudflare%2fworkerd-darwin-arm64 2012ms (cache miss)
211 silly packumentCache full:https://registry.npmjs.org/@cloudflare%2fworkerd-darwin-arm64 set size:undefined disposed:false
212 http fetch GET 200 https://registry.npmjs.org/@cloudflare%2fworkerd-linux-arm64 2130ms (cache miss)
213 silly packumentCache full:https://registry.npmjs.org/@cloudflare%2fworkerd-linux-arm64 set size:undefined disposed:false
214 http fetch GET 200 https://registry.npmjs.org/ws 3000ms (cache miss)
215 silly packumentCache full:https://registry.npmjs.org/ws set size:undefined disposed:false
216 http fetch GET 200 https://registry.npmjs.org/youch 2783ms (cache miss)
217 silly packumentCache full:https://registry.npmjs.org/youch set size:undefined disposed:false
218 http fetch GET 200 https://registry.npmjs.org/@cloudflare%2fworkerd-darwin-64 2711ms (cache miss)
219 silly packumentCache full:https://registry.npmjs.org/@cloudflare%2fworkerd-darwin-64 set size:undefined disposed:false
220 silly placeDep ROOT @esbuild/aix-ppc64@0.27.3 OK for: esbuild@0.27.3 want: 0.27.3
221 silly placeDep ROOT @esbuild/android-arm@0.27.3 OK for: esbuild@0.27.3 want: 0.27.3
222 silly placeDep ROOT @esbuild/android-arm64@0.27.3 OK for: esbuild@0.27.3 want: 0.27.3
223 silly placeDep ROOT @esbuild/android-x64@0.27.3 OK for: esbuild@0.27.3 want: 0.27.3
224 silly placeDep ROOT @esbuild/darwin-arm64@0.27.3 OK for: esbuild@0.27.3 want: 0.27.3
225 silly placeDep ROOT @esbuild/darwin-x64@0.27.3 OK for: esbuild@0.27.3 want: 0.27.3
226 silly placeDep ROOT @esbuild/freebsd-arm64@0.27.3 OK for: esbuild@0.27.3 want: 0.27.3
227 silly placeDep ROOT @esbuild/freebsd-x64@0.27.3 OK for: esbuild@0.27.3 want: 0.27.3
228 silly placeDep ROOT @esbuild/linux-arm@0.27.3 OK for: esbuild@0.27.3 want: 0.27.3
229 silly placeDep ROOT @esbuild/linux-arm64@0.27.3 OK for: esbuild@0.27.3 want: 0.27.3
230 silly placeDep ROOT @esbuild/linux-ia32@0.27.3 OK for: esbuild@0.27.3 want: 0.27.3
231 silly placeDep ROOT @esbuild/linux-loong64@0.27.3 OK for: esbuild@0.27.3 want: 0.27.3
232 silly placeDep ROOT @esbuild/linux-mips64el@0.27.3 OK for: esbuild@0.27.3 want: 0.27.3
233 silly placeDep ROOT @esbuild/linux-ppc64@0.27.3 OK for: esbuild@0.27.3 want: 0.27.3
234 silly placeDep ROOT @esbuild/linux-riscv64@0.27.3 OK for: esbuild@0.27.3 want: 0.27.3
235 silly placeDep ROOT @esbuild/linux-s390x@0.27.3 OK for: esbuild@0.27.3 want: 0.27.3
236 silly placeDep ROOT @esbuild/linux-x64@0.27.3 OK for: esbuild@0.27.3 want: 0.27.3
237 silly placeDep ROOT @esbuild/netbsd-arm64@0.27.3 OK for: esbuild@0.27.3 want: 0.27.3
238 silly placeDep ROOT @esbuild/netbsd-x64@0.27.3 OK for: esbuild@0.27.3 want: 0.27.3
239 silly placeDep ROOT @esbuild/openbsd-arm64@0.27.3 OK for: esbuild@0.27.3 want: 0.27.3
240 silly placeDep ROOT @esbuild/openbsd-x64@0.27.3 OK for: esbuild@0.27.3 want: 0.27.3
241 silly placeDep ROOT @esbuild/openharmony-arm64@0.27.3 OK for: esbuild@0.27.3 want: 0.27.3
242 silly placeDep ROOT @esbuild/sunos-x64@0.27.3 OK for: esbuild@0.27.3 want: 0.27.3
243 silly placeDep ROOT @esbuild/win32-arm64@0.27.3 OK for: esbuild@0.27.3 want: 0.27.3
244 silly placeDep ROOT @esbuild/win32-ia32@0.27.3 OK for: esbuild@0.27.3 want: 0.27.3
245 silly placeDep ROOT @esbuild/win32-x64@0.27.3 OK for: esbuild@0.27.3 want: 0.27.3
246 silly fetch manifest bufferutil@^4.0.1
247 silly packumentCache full:https://registry.npmjs.org/bufferutil cache-miss
248 http fetch GET 200 https://registry.npmjs.org/bufferutil 256ms (cache miss)
249 silly packumentCache full:https://registry.npmjs.org/bufferutil set size:undefined disposed:false
250 silly fetch manifest utf-8-validate@>=5.0.2
251 silly packumentCache full:https://registry.npmjs.org/utf-8-validate cache-miss
252 http fetch GET 200 https://registry.npmjs.org/utf-8-validate 953ms (cache miss)
253 silly packumentCache full:https://registry.npmjs.org/utf-8-validate set size:undefined disposed:false
254 silly placeDep ROOT @cspotcode/source-map-support@0.8.1 OK for: miniflare@4.20260317.3 want: 0.8.1
255 silly placeDep ROOT sharp@0.34.5 OK for: miniflare@4.20260317.3 want: ^0.34.5
256 silly placeDep ROOT undici@7.24.4 OK for: miniflare@4.20260317.3 want: 7.24.4
257 silly placeDep ROOT ws@8.18.0 OK for: miniflare@4.20260317.3 want: 8.18.0
258 silly placeDep ROOT youch@4.1.0-beta.10 OK for: miniflare@4.20260317.3 want: 4.1.0-beta.10
259 silly fetch manifest @jridgewell/trace-mapping@0.3.9
260 silly packumentCache full:https://registry.npmjs.org/@jridgewell%2ftrace-mapping cache-miss
261 silly fetch manifest semver@^7.7.3
262 silly packumentCache full:https://registry.npmjs.org/semver cache-miss
263 silly fetch manifest @img/colour@^1.0.0
264 silly packumentCache full:https://registry.npmjs.org/@img%2fcolour cache-miss
265 silly fetch manifest detect-libc@^2.1.2
266 silly packumentCache full:https://registry.npmjs.org/detect-libc cache-miss
267 silly fetch manifest @img/sharp-wasm32@0.34.5
268 silly packumentCache full:https://registry.npmjs.org/@img%2fsharp-wasm32 cache-miss
269 silly fetch manifest @img/sharp-linux-arm@0.34.5
270 silly packumentCache full:https://registry.npmjs.org/@img%2fsharp-linux-arm cache-miss
271 silly fetch manifest @img/sharp-linux-x64@0.34.5
272 silly packumentCache full:https://registry.npmjs.org/@img%2fsharp-linux-x64 cache-miss
273 silly fetch manifest @img/sharp-win32-x64@0.34.5
274 silly packumentCache full:https://registry.npmjs.org/@img%2fsharp-win32-x64 cache-miss
275 silly fetch manifest @img/sharp-darwin-x64@0.34.5
276 silly packumentCache full:https://registry.npmjs.org/@img%2fsharp-darwin-x64 cache-miss
277 silly fetch manifest @img/sharp-win32-ia32@0.34.5
278 silly packumentCache full:https://registry.npmjs.org/@img%2fsharp-win32-ia32 cache-miss
279 silly fetch manifest @img/sharp-linux-arm64@0.34.5
280 silly packumentCache full:https://registry.npmjs.org/@img%2fsharp-linux-arm64 cache-miss
281 silly fetch manifest @img/sharp-linux-ppc64@0.34.5
282 silly packumentCache full:https://registry.npmjs.org/@img%2fsharp-linux-ppc64 cache-miss
283 silly fetch manifest @img/sharp-linux-s390x@0.34.5
284 silly packumentCache full:https://registry.npmjs.org/@img%2fsharp-linux-s390x cache-miss
285 silly fetch manifest @img/sharp-win32-arm64@0.34.5
286 silly packumentCache full:https://registry.npmjs.org/@img%2fsharp-win32-arm64 cache-miss
287 silly fetch manifest @img/sharp-darwin-arm64@0.34.5
288 silly packumentCache full:https://registry.npmjs.org/@img%2fsharp-darwin-arm64 cache-miss
289 silly fetch manifest @img/sharp-linux-riscv64@0.34.5
290 silly packumentCache full:https://registry.npmjs.org/@img%2fsharp-linux-riscv64 cache-miss
291 silly fetch manifest @img/sharp-linuxmusl-x64@0.34.5
292 silly packumentCache full:https://registry.npmjs.org/@img%2fsharp-linuxmusl-x64 cache-miss
293 silly fetch manifest @img/sharp-linuxmusl-arm64@0.34.5
294 silly packumentCache full:https://registry.npmjs.org/@img%2fsharp-linuxmusl-arm64 cache-miss
295 silly fetch manifest @img/sharp-libvips-linux-arm@1.2.4
296 silly packumentCache full:https://registry.npmjs.org/@img%2fsharp-libvips-linux-arm cache-miss
297 silly fetch manifest @img/sharp-libvips-linux-x64@1.2.4
298 silly packumentCache full:https://registry.npmjs.org/@img%2fsharp-libvips-linux-x64 cache-miss
299 silly fetch manifest @img/sharp-libvips-darwin-x64@1.2.4
300 silly packumentCache full:https://registry.npmjs.org/@img%2fsharp-libvips-darwin-x64 cache-miss
301 silly fetch manifest @img/sharp-libvips-linux-arm64@1.2.4
302 silly packumentCache full:https://registry.npmjs.org/@img%2fsharp-libvips-linux-arm64 cache-miss
303 silly fetch manifest @img/sharp-libvips-linux-ppc64@1.2.4
304 silly packumentCache full:https://registry.npmjs.org/@img%2fsharp-libvips-linux-ppc64 cache-miss
305 silly fetch manifest @img/sharp-libvips-linux-s390x@1.2.4
306 silly packumentCache full:https://registry.npmjs.org/@img%2fsharp-libvips-linux-s390x cache-miss
307 silly fetch manifest @img/sharp-libvips-darwin-arm64@1.2.4
308 silly packumentCache full:https://registry.npmjs.org/@img%2fsharp-libvips-darwin-arm64 cache-miss
309 silly fetch manifest @img/sharp-libvips-linux-riscv64@1.2.4
310 silly packumentCache full:https://registry.npmjs.org/@img%2fsharp-libvips-linux-riscv64 cache-miss
311 silly fetch manifest @img/sharp-libvips-linuxmusl-x64@1.2.4
312 silly packumentCache full:https://registry.npmjs.org/@img%2fsharp-libvips-linuxmusl-x64 cache-miss
313 silly fetch manifest @img/sharp-libvips-linuxmusl-arm64@1.2.4
314 silly packumentCache full:https://registry.npmjs.org/@img%2fsharp-libvips-linuxmusl-arm64 cache-miss
315 silly fetch manifest cookie@^1.0.2
316 silly packumentCache full:https://registry.npmjs.org/cookie cache-miss
317 silly fetch manifest youch-core@^0.3.3
318 silly packumentCache full:https://registry.npmjs.org/youch-core cache-miss
319 silly fetch manifest @poppinss/colors@^4.1.5
320 silly packumentCache full:https://registry.npmjs.org/@poppinss%2fcolors cache-miss
321 http fetch GET 200 https://registry.npmjs.org/@img%2fsharp-linux-arm 243ms (cache miss)
322 silly packumentCache full:https://registry.npmjs.org/@img%2fsharp-linux-arm set size:undefined disposed:false
323 silly fetch manifest @poppinss/dumper@^0.6.4
324 silly packumentCache full:https://registry.npmjs.org/@poppinss%2fdumper cache-miss
325 http fetch GET 200 https://registry.npmjs.org/@img%2fcolour 250ms (cache miss)
326 silly packumentCache full:https://registry.npmjs.org/@img%2fcolour set size:undefined disposed:false
327 silly fetch manifest @speed-highlight/core@^1.2.7
328 silly packumentCache full:https://registry.npmjs.org/@speed-highlight%2fcore cache-miss
329 http fetch GET 200 https://registry.npmjs.org/@img%2fsharp-linux-s390x 315ms (cache miss)
330 silly packumentCache full:https://registry.npmjs.org/@img%2fsharp-linux-s390x set size:undefined disposed:false
331 http fetch GET 200 https://registry.npmjs.org/@img%2fsharp-win32-ia32 457ms (cache miss)
332 silly packumentCache full:https://registry.npmjs.org/@img%2fsharp-win32-ia32 set size:undefined disposed:false
333 http fetch GET 200 https://registry.npmjs.org/@img%2fsharp-wasm32 465ms (cache miss)
334 silly packumentCache full:https://registry.npmjs.org/@img%2fsharp-wasm32 set size:undefined disposed:false
335 http fetch GET 200 https://registry.npmjs.org/@jridgewell%2ftrace-mapping 485ms (cache miss)
336 silly packumentCache full:https://registry.npmjs.org/@jridgewell%2ftrace-mapping set size:undefined disposed:false
337 http fetch GET 200 https://registry.npmjs.org/@img%2fsharp-linux-arm64 489ms (cache miss)
338 silly packumentCache full:https://registry.npmjs.org/@img%2fsharp-linux-arm64 set size:undefined disposed:false
339 http fetch GET 200 https://registry.npmjs.org/@img%2fsharp-darwin-x64 510ms (cache miss)
340 silly packumentCache full:https://registry.npmjs.org/@img%2fsharp-darwin-x64 set size:undefined disposed:false
341 http fetch GET 200 https://registry.npmjs.org/@img%2fsharp-darwin-arm64 517ms (cache miss)
342 silly packumentCache full:https://registry.npmjs.org/@img%2fsharp-darwin-arm64 set size:undefined disposed:false
343 http fetch GET 200 https://registry.npmjs.org/@img%2fsharp-linuxmusl-x64 520ms (cache miss)
344 silly packumentCache full:https://registry.npmjs.org/@img%2fsharp-linuxmusl-x64 set size:undefined disposed:false
345 http fetch GET 200 https://registry.npmjs.org/@img%2fsharp-win32-x64 524ms (cache miss)
346 silly packumentCache full:https://registry.npmjs.org/@img%2fsharp-win32-x64 set size:undefined disposed:false
347 http fetch GET 200 https://registry.npmjs.org/detect-libc 547ms (cache miss)
348 silly packumentCache full:https://registry.npmjs.org/detect-libc set size:undefined disposed:false
349 http fetch GET 200 https://registry.npmjs.org/@img%2fsharp-win32-arm64 675ms (cache miss)
350 silly packumentCache full:https://registry.npmjs.org/@img%2fsharp-win32-arm64 set size:undefined disposed:false
351 http fetch GET 200 https://registry.npmjs.org/@img%2fsharp-libvips-linux-arm 685ms (cache miss)
352 silly packumentCache full:https://registry.npmjs.org/@img%2fsharp-libvips-linux-arm set size:undefined disposed:false
353 http fetch GET 200 https://registry.npmjs.org/semver 746ms (cache miss)
354 silly packumentCache full:https://registry.npmjs.org/semver set size:undefined disposed:false
355 http fetch GET 200 https://registry.npmjs.org/@img%2fsharp-libvips-linux-s390x 763ms (cache miss)
356 silly packumentCache full:https://registry.npmjs.org/@img%2fsharp-libvips-linux-s390x set size:undefined disposed:false
357 http fetch GET 200 https://registry.npmjs.org/@img%2fsharp-linuxmusl-arm64 783ms (cache miss)
358 silly packumentCache full:https://registry.npmjs.org/@img%2fsharp-linuxmusl-arm64 set size:undefined disposed:false
359 http fetch GET 200 https://registry.npmjs.org/@img%2fsharp-linux-x64 908ms (cache miss)
360 silly packumentCache full:https://registry.npmjs.org/@img%2fsharp-linux-x64 set size:undefined disposed:false
361 http fetch GET 200 https://registry.npmjs.org/@img%2fsharp-libvips-linux-x64 924ms (cache miss)
362 silly packumentCache full:https://registry.npmjs.org/@img%2fsharp-libvips-linux-x64 set size:undefined disposed:false
363 http fetch GET 200 https://registry.npmjs.org/cookie 927ms (cache miss)
364 silly packumentCache full:https://registry.npmjs.org/cookie set size:undefined disposed:false
365 http fetch GET 200 https://registry.npmjs.org/@img%2fsharp-linux-ppc64 938ms (cache miss)
366 silly packumentCache full:https://registry.npmjs.org/@img%2fsharp-linux-ppc64 set size:undefined disposed:false
367 http fetch GET 200 https://registry.npmjs.org/youch-core 952ms (cache miss)
368 silly packumentCache full:https://registry.npmjs.org/youch-core set size:undefined disposed:false
369 http fetch GET 200 https://registry.npmjs.org/@img%2fsharp-libvips-linux-arm64 958ms (cache miss)
370 silly packumentCache full:https://registry.npmjs.org/@img%2fsharp-libvips-linux-arm64 set size:undefined disposed:false
371 http fetch GET 200 https://registry.npmjs.org/@img%2fsharp-libvips-linux-ppc64 1015ms (cache miss)
372 silly packumentCache full:https://registry.npmjs.org/@img%2fsharp-libvips-linux-ppc64 set size:undefined disposed:false
373 http fetch GET 200 https://registry.npmjs.org/@img%2fsharp-linux-riscv64 1097ms (cache miss)
374 silly packumentCache full:https://registry.npmjs.org/@img%2fsharp-linux-riscv64 set size:undefined disposed:false
375 http fetch GET 200 https://registry.npmjs.org/@img%2fsharp-libvips-linuxmusl-x64 1102ms (cache miss)
376 silly packumentCache full:https://registry.npmjs.org/@img%2fsharp-libvips-linuxmusl-x64 set size:undefined disposed:false
377 http fetch GET 200 https://registry.npmjs.org/@poppinss%2fdumper 862ms (cache miss)
378 silly packumentCache full:https://registry.npmjs.org/@poppinss%2fdumper set size:undefined disposed:false
379 http fetch GET 200 https://registry.npmjs.org/@poppinss%2fcolors 1280ms (cache miss)
380 silly packumentCache full:https://registry.npmjs.org/@poppinss%2fcolors set size:undefined disposed:false
381 http fetch GET 200 https://registry.npmjs.org/@img%2fsharp-libvips-darwin-x64 1350ms (cache miss)
382 silly packumentCache full:https://registry.npmjs.org/@img%2fsharp-libvips-darwin-x64 set size:undefined disposed:false
383 http fetch GET 200 https://registry.npmjs.org/@img%2fsharp-libvips-linuxmusl-arm64 1419ms (cache miss)
384 silly packumentCache full:https://registry.npmjs.org/@img%2fsharp-libvips-linuxmusl-arm64 set size:undefined disposed:false
385 http fetch GET 200 https://registry.npmjs.org/@img%2fsharp-libvips-linux-riscv64 1567ms (cache miss)
386 silly packumentCache full:https://registry.npmjs.org/@img%2fsharp-libvips-linux-riscv64 set size:undefined disposed:false
387 http fetch GET 200 https://registry.npmjs.org/@img%2fsharp-libvips-darwin-arm64 1856ms (cache miss)
388 silly packumentCache full:https://registry.npmjs.org/@img%2fsharp-libvips-darwin-arm64 set size:undefined disposed:false
389 http fetch GET 200 https://registry.npmjs.org/@speed-highlight%2fcore 1728ms (cache miss)
390 silly packumentCache full:https://registry.npmjs.org/@speed-highlight%2fcore set size:undefined disposed:false
391 silly placeDep ROOT @jridgewell/trace-mapping@0.3.9 OK for: @cspotcode/source-map-support@0.8.1 want: 0.3.9
392 silly fetch manifest @jridgewell/resolve-uri@^3.0.3
393 silly packumentCache full:https://registry.npmjs.org/@jridgewell%2fresolve-uri cache-miss
394 silly fetch manifest @jridgewell/sourcemap-codec@^1.4.10
395 silly packumentCache full:https://registry.npmjs.org/@jridgewell%2fsourcemap-codec cache-miss
396 http fetch GET 200 https://registry.npmjs.org/@jridgewell%2fsourcemap-codec 455ms (cache miss)
397 silly packumentCache full:https://registry.npmjs.org/@jridgewell%2fsourcemap-codec set size:undefined disposed:false
398 http fetch GET 200 https://registry.npmjs.org/@jridgewell%2fresolve-uri 1077ms (cache miss)
399 silly packumentCache full:https://registry.npmjs.org/@jridgewell%2fresolve-uri set size:undefined disposed:false
400 silly placeDep ROOT @jridgewell/resolve-uri@3.1.2 OK for: @jridgewell/trace-mapping@0.3.9 want: ^3.0.3
401 silly placeDep ROOT @jridgewell/sourcemap-codec@1.5.5 OK for: @jridgewell/trace-mapping@0.3.9 want: ^1.4.10
402 silly placeDep ROOT @img/colour@1.1.0 OK for: sharp@0.34.5 want: ^1.0.0
403 silly placeDep ROOT @img/sharp-darwin-arm64@0.34.5 OK for: sharp@0.34.5 want: 0.34.5
404 silly placeDep ROOT @img/sharp-darwin-x64@0.34.5 OK for: sharp@0.34.5 want: 0.34.5
405 silly placeDep ROOT @img/sharp-libvips-darwin-arm64@1.2.4 OK for: sharp@0.34.5 want: 1.2.4
406 silly placeDep ROOT @img/sharp-libvips-darwin-x64@1.2.4 OK for: sharp@0.34.5 want: 1.2.4
407 silly placeDep ROOT @img/sharp-libvips-linux-arm@1.2.4 OK for: sharp@0.34.5 want: 1.2.4
408 silly placeDep ROOT @img/sharp-libvips-linux-arm64@1.2.4 OK for: sharp@0.34.5 want: 1.2.4
409 silly placeDep ROOT @img/sharp-libvips-linux-ppc64@1.2.4 OK for: sharp@0.34.5 want: 1.2.4
410 silly placeDep ROOT @img/sharp-libvips-linux-riscv64@1.2.4 OK for: sharp@0.34.5 want: 1.2.4
411 silly placeDep ROOT @img/sharp-libvips-linux-s390x@1.2.4 OK for: sharp@0.34.5 want: 1.2.4
412 silly placeDep ROOT @img/sharp-libvips-linux-x64@1.2.4 OK for: sharp@0.34.5 want: 1.2.4
413 silly placeDep ROOT @img/sharp-libvips-linuxmusl-arm64@1.2.4 OK for: sharp@0.34.5 want: 1.2.4
414 silly placeDep ROOT @img/sharp-libvips-linuxmusl-x64@1.2.4 OK for: sharp@0.34.5 want: 1.2.4
415 silly placeDep ROOT @img/sharp-linux-arm@0.34.5 OK for: sharp@0.34.5 want: 0.34.5
416 silly placeDep ROOT @img/sharp-linux-arm64@0.34.5 OK for: sharp@0.34.5 want: 0.34.5
417 silly placeDep ROOT @img/sharp-linux-ppc64@0.34.5 OK for: sharp@0.34.5 want: 0.34.5
418 silly placeDep ROOT @img/sharp-linux-riscv64@0.34.5 OK for: sharp@0.34.5 want: 0.34.5
419 silly placeDep ROOT @img/sharp-linux-s390x@0.34.5 OK for: sharp@0.34.5 want: 0.34.5
420 silly placeDep ROOT @img/sharp-linux-x64@0.34.5 OK for: sharp@0.34.5 want: 0.34.5
421 silly placeDep ROOT @img/sharp-linuxmusl-arm64@0.34.5 OK for: sharp@0.34.5 want: 0.34.5
422 silly placeDep ROOT @img/sharp-linuxmusl-x64@0.34.5 OK for: sharp@0.34.5 want: 0.34.5
423 silly placeDep ROOT @img/sharp-wasm32@0.34.5 OK for: sharp@0.34.5 want: 0.34.5
424 silly placeDep ROOT @img/sharp-win32-arm64@0.34.5 OK for: sharp@0.34.5 want: 0.34.5
425 silly placeDep ROOT @img/sharp-win32-ia32@0.34.5 OK for: sharp@0.34.5 want: 0.34.5
426 silly placeDep ROOT @img/sharp-win32-x64@0.34.5 OK for: sharp@0.34.5 want: 0.34.5
427 silly placeDep ROOT detect-libc@2.1.2 OK for: sharp@0.34.5 want: ^2.1.2
428 silly placeDep ROOT semver@7.7.4 OK for: sharp@0.34.5 want: ^7.7.3
429 silly fetch manifest @emnapi/runtime@^1.7.0
430 silly packumentCache full:https://registry.npmjs.org/@emnapi%2fruntime cache-miss
431 http fetch GET 200 https://registry.npmjs.org/@emnapi%2fruntime 525ms (cache miss)
432 silly packumentCache full:https://registry.npmjs.org/@emnapi%2fruntime set size:undefined disposed:false
433 silly placeDep ROOT @emnapi/runtime@1.9.1 OK for: @img/sharp-wasm32@0.34.5 want: ^1.7.0
434 silly fetch manifest tslib@^2.4.0
435 silly packumentCache full:https://registry.npmjs.org/tslib cache-miss
436 http fetch GET 200 https://registry.npmjs.org/tslib 494ms (cache miss)
437 silly packumentCache full:https://registry.npmjs.org/tslib set size:undefined disposed:false
438 silly placeDep ROOT tslib@2.8.1 OK for: @emnapi/runtime@1.9.1 want: ^2.4.0
439 silly placeDep ROOT pathe@2.0.3 OK for: unenv@2.0.0-rc.24 want: ^2.0.3
440 silly placeDep ROOT @cloudflare/workerd-darwin-64@1.20260317.1 OK for: workerd@1.20260317.1 want: 1.20260317.1
441 silly placeDep ROOT @cloudflare/workerd-darwin-arm64@1.20260317.1 OK for: workerd@1.20260317.1 want: 1.20260317.1
442 silly placeDep ROOT @cloudflare/workerd-linux-64@1.20260317.1 OK for: workerd@1.20260317.1 want: 1.20260317.1
443 silly placeDep ROOT @cloudflare/workerd-linux-arm64@1.20260317.1 OK for: workerd@1.20260317.1 want: 1.20260317.1
444 silly placeDep ROOT @cloudflare/workerd-windows-64@1.20260317.1 OK for: workerd@1.20260317.1 want: 1.20260317.1
445 silly placeDep ROOT @poppinss/colors@4.1.6 OK for: youch@4.1.0-beta.10 want: ^4.1.5
446 silly placeDep ROOT @poppinss/dumper@0.6.5 OK for: youch@4.1.0-beta.10 want: ^0.6.4
447 silly placeDep ROOT @speed-highlight/core@1.2.15 OK for: youch@4.1.0-beta.10 want: ^1.2.7
448 silly placeDep ROOT cookie@1.1.1 OK for: youch@4.1.0-beta.10 want: ^1.0.2
449 silly placeDep ROOT youch-core@0.3.3 OK for: youch@4.1.0-beta.10 want: ^0.3.3
450 silly fetch manifest kleur@^4.1.5
451 silly packumentCache full:https://registry.npmjs.org/kleur cache-miss
452 silly fetch manifest supports-color@^10.0.0
453 silly packumentCache full:https://registry.npmjs.org/supports-color cache-miss
454 silly fetch manifest @sindresorhus/is@^7.0.2
455 silly packumentCache full:https://registry.npmjs.org/@sindresorhus%2fis cache-miss
456 silly fetch manifest @poppinss/exception@^1.2.2
457 silly packumentCache full:https://registry.npmjs.org/@poppinss%2fexception cache-miss
458 silly fetch manifest error-stack-parser-es@^1.0.5
459 silly packumentCache full:https://registry.npmjs.org/error-stack-parser-es cache-miss
460 http fetch GET 200 https://registry.npmjs.org/error-stack-parser-es 245ms (cache miss)
461 silly packumentCache full:https://registry.npmjs.org/error-stack-parser-es set size:undefined disposed:false
462 http fetch GET 200 https://registry.npmjs.org/kleur 475ms (cache miss)
463 silly packumentCache full:https://registry.npmjs.org/kleur set size:undefined disposed:false
464 http fetch GET 200 https://registry.npmjs.org/supports-color 550ms (cache miss)
465 silly packumentCache full:https://registry.npmjs.org/supports-color set size:undefined disposed:false
466 http fetch GET 200 https://registry.npmjs.org/@sindresorhus%2fis 895ms (cache miss)
467 silly packumentCache full:https://registry.npmjs.org/@sindresorhus%2fis set size:undefined disposed:false
468 http fetch GET 200 https://registry.npmjs.org/@poppinss%2fexception 907ms (cache miss)
469 silly packumentCache full:https://registry.npmjs.org/@poppinss%2fexception set size:undefined disposed:false
470 silly placeDep ROOT kleur@4.1.5 OK for: @poppinss/colors@4.1.6 want: ^4.1.5
471 silly placeDep ROOT @sindresorhus/is@7.2.0 OK for: @poppinss/dumper@0.6.5 want: ^7.0.2
472 silly placeDep ROOT supports-color@10.2.2 OK for: @poppinss/dumper@0.6.5 want: ^10.0.0
473 silly placeDep ROOT @poppinss/exception@1.2.3 OK for: youch-core@0.3.3 want: ^1.2.2
474 silly placeDep ROOT error-stack-parser-es@1.0.5 OK for: youch-core@0.3.3 want: ^1.0.5
475 silly reify moves {}
476 silly audit bulk request {
476 silly audit   wrangler: [ '4.78.0' ],
476 silly audit   '@cloudflare/kv-asset-handler': [ '0.4.2' ],
476 silly audit   '@cloudflare/unenv-preset': [ '2.16.0' ],
476 silly audit   unenv: [ '2.0.0-rc.24' ],
476 silly audit   'blake3-wasm': [ '2.1.5' ],
476 silly audit   esbuild: [ '0.27.3' ],
476 silly audit   fsevents: [ '2.3.3' ],
476 silly audit   miniflare: [ '4.20260317.3' ],
476 silly audit   'path-to-regexp': [ '6.3.0' ],
476 silly audit   workerd: [ '1.20260317.1' ],
476 silly audit   '@esbuild/aix-ppc64': [ '0.27.3' ],
476 silly audit   '@esbuild/android-arm': [ '0.27.3' ],
476 silly audit   '@esbuild/android-arm64': [ '0.27.3' ],
476 silly audit   '@esbuild/android-x64': [ '0.27.3' ],
476 silly audit   '@esbuild/darwin-arm64': [ '0.27.3' ],
476 silly audit   '@esbuild/darwin-x64': [ '0.27.3' ],
476 silly audit   '@esbuild/freebsd-arm64': [ '0.27.3' ],
476 silly audit   '@esbuild/freebsd-x64': [ '0.27.3' ],
476 silly audit   '@esbuild/linux-arm': [ '0.27.3' ],
476 silly audit   '@esbuild/linux-arm64': [ '0.27.3' ],
476 silly audit   '@esbuild/linux-ia32': [ '0.27.3' ],
476 silly audit   '@esbuild/linux-loong64': [ '0.27.3' ],
476 silly audit   '@esbuild/linux-mips64el': [ '0.27.3' ],
476 silly audit   '@esbuild/linux-ppc64': [ '0.27.3' ],
476 silly audit   '@esbuild/linux-riscv64': [ '0.27.3' ],
476 silly audit   '@esbuild/linux-s390x': [ '0.27.3' ],
476 silly audit   '@esbuild/linux-x64': [ '0.27.3' ],
476 silly audit   '@esbuild/netbsd-arm64': [ '0.27.3' ],
476 silly audit   '@esbuild/netbsd-x64': [ '0.27.3' ],
476 silly audit   '@esbuild/openbsd-arm64': [ '0.27.3' ],
476 silly audit   '@esbuild/openbsd-x64': [ '0.27.3' ],
476 silly audit   '@esbuild/openharmony-arm64': [ '0.27.3' ],
476 silly audit   '@esbuild/sunos-x64': [ '0.27.3' ],
476 silly audit   '@esbuild/win32-arm64': [ '0.27.3' ],
476 silly audit   '@esbuild/win32-ia32': [ '0.27.3' ],
476 silly audit   '@esbuild/win32-x64': [ '0.27.3' ],
476 silly audit   '@cspotcode/source-map-support': [ '0.8.1' ],
476 silly audit   sharp: [ '0.34.5' ],
476 silly audit   undici: [ '7.24.4' ],
476 silly audit   ws: [ '8.18.0' ],
476 silly audit   youch: [ '4.1.0-beta.10' ],
476 silly audit   '@jridgewell/trace-mapping': [ '0.3.9' ],
476 silly audit   '@jridgewell/resolve-uri': [ '3.1.2' ],
476 silly audit   '@jridgewell/sourcemap-codec': [ '1.5.5' ],
476 silly audit   '@img/colour': [ '1.1.0' ],
476 silly audit   '@img/sharp-darwin-arm64': [ '0.34.5' ],
476 silly audit   '@img/sharp-darwin-x64': [ '0.34.5' ],
476 silly audit   '@img/sharp-libvips-darwin-arm64': [ '1.2.4' ],
476 silly audit   '@img/sharp-libvips-darwin-x64': [ '1.2.4' ],
476 silly audit   '@img/sharp-libvips-linux-arm': [ '1.2.4' ],
476 silly audit   '@img/sharp-libvips-linux-arm64': [ '1.2.4' ],
476 silly audit   '@img/sharp-libvips-linux-ppc64': [ '1.2.4' ],
476 silly audit   '@img/sharp-libvips-linux-riscv64': [ '1.2.4' ],
476 silly audit   '@img/sharp-libvips-linux-s390x': [ '1.2.4' ],
476 silly audit   '@img/sharp-libvips-linux-x64': [ '1.2.4' ],
476 silly audit   '@img/sharp-libvips-linuxmusl-arm64': [ '1.2.4' ],
476 silly audit   '@img/sharp-libvips-linuxmusl-x64': [ '1.2.4' ],
476 silly audit   '@img/sharp-linux-arm': [ '0.34.5' ],
476 silly audit   '@img/sharp-linux-arm64': [ '0.34.5' ],
476 silly audit   '@img/sharp-linux-ppc64': [ '0.34.5' ],
476 silly audit   '@img/sharp-linux-riscv64': [ '0.34.5' ],
476 silly audit   '@img/sharp-linux-s390x': [ '0.34.5' ],
476 silly audit   '@img/sharp-linux-x64': [ '0.34.5' ],
476 silly audit   '@img/sharp-linuxmusl-arm64': [ '0.34.5' ],
476 silly audit   '@img/sharp-linuxmusl-x64': [ '0.34.5' ],
476 silly audit   '@img/sharp-wasm32': [ '0.34.5' ],
476 silly audit   '@img/sharp-win32-arm64': [ '0.34.5' ],
476 silly audit   '@img/sharp-win32-ia32': [ '0.34.5' ],
476 silly audit   '@img/sharp-win32-x64': [ '0.34.5' ],
476 silly audit   'detect-libc': [ '2.1.2' ],
476 silly audit   semver: [ '7.7.4' ],
476 silly audit   '@emnapi/runtime': [ '1.9.1' ],
476 silly audit   tslib: [ '2.8.1' ],
476 silly audit   pathe: [ '2.0.3' ],
476 silly audit   '@cloudflare/workerd-darwin-64': [ '1.20260317.1' ],
476 silly audit   '@cloudflare/workerd-darwin-arm64': [ '1.20260317.1' ],
476 silly audit   '@cloudflare/workerd-linux-64': [ '1.20260317.1' ],
476 silly audit   '@cloudflare/workerd-linux-arm64': [ '1.20260317.1' ],
476 silly audit   '@cloudflare/workerd-windows-64': [ '1.20260317.1' ],
476 silly audit   '@poppinss/colors': [ '4.1.6' ],
476 silly audit   '@poppinss/dumper': [ '0.6.5' ],
476 silly audit   '@speed-highlight/core': [ '1.2.15' ],
476 silly audit   cookie: [ '1.1.1' ],
476 silly audit   'youch-core': [ '0.3.3' ],
476 silly audit   kleur: [ '4.1.5' ],
476 silly audit   '@sindresorhus/is': [ '7.2.0' ],
476 silly audit   'supports-color': [ '10.2.2' ],
476 silly audit   '@poppinss/exception': [ '1.2.3' ],
476 silly audit   'error-stack-parser-es': [ '1.0.5' ]
476 silly audit }
477 http cache error-stack-parser-es@https://registry.npmjs.org/error-stack-parser-es/-/error-stack-parser-es-1.0.5.tgz 0ms (cache hit)
478 http cache @poppinss/exception@https://registry.npmjs.org/@poppinss/exception/-/exception-1.2.3.tgz 0ms (cache hit)
479 http cache kleur@https://registry.npmjs.org/kleur/-/kleur-4.1.5.tgz 0ms (cache hit)
480 http cache @poppinss/dumper@https://registry.npmjs.org/@poppinss/dumper/-/dumper-0.6.5.tgz 0ms (cache hit)
481 http cache supports-color@https://registry.npmjs.org/supports-color/-/supports-color-10.2.2.tgz 0ms (cache hit)
482 http cache cookie@https://registry.npmjs.org/cookie/-/cookie-1.1.1.tgz 0ms (cache hit)
483 http cache @speed-highlight/core@https://registry.npmjs.org/@speed-highlight/core/-/core-1.2.15.tgz 0ms (cache hit)
484 http cache youch-core@https://registry.npmjs.org/youch-core/-/youch-core-0.3.3.tgz 0ms (cache hit)
485 http cache @sindresorhus/is@https://registry.npmjs.org/@sindresorhus/is/-/is-7.2.0.tgz 0ms (cache hit)
486 http cache @poppinss/colors@https://registry.npmjs.org/@poppinss/colors/-/colors-4.1.6.tgz 0ms (cache hit)
487 http cache @cloudflare/workerd-windows-64@https://registry.npmjs.org/@cloudflare/workerd-windows-64/-/workerd-windows-64-1.20260317.1.tgz 0ms (cache hit)
488 http cache @img/sharp-win32-x64@https://registry.npmjs.org/@img/sharp-win32-x64/-/sharp-win32-x64-0.34.5.tgz 0ms (cache hit)
489 http cache pathe@https://registry.npmjs.org/pathe/-/pathe-2.0.3.tgz 0ms (cache hit)
490 http cache @img/colour@https://registry.npmjs.org/@img/colour/-/colour-1.1.0.tgz 0ms (cache hit)
491 http cache semver@https://registry.npmjs.org/semver/-/semver-7.7.4.tgz 0ms (cache hit)
492 http cache @jridgewell/resolve-uri@https://registry.npmjs.org/@jridgewell/resolve-uri/-/resolve-uri-3.1.2.tgz 0ms (cache hit)
493 http cache detect-libc@https://registry.npmjs.org/detect-libc/-/detect-libc-2.1.2.tgz 0ms (cache hit)
494 http cache ws@https://registry.npmjs.org/ws/-/ws-8.18.0.tgz 0ms (cache hit)
495 http cache @jridgewell/sourcemap-codec@https://registry.npmjs.org/@jridgewell/sourcemap-codec/-/sourcemap-codec-1.5.5.tgz 0ms (cache hit)
496 http cache @jridgewell/trace-mapping@https://registry.npmjs.org/@jridgewell/trace-mapping/-/trace-mapping-0.3.9.tgz 0ms (cache hit)
497 http cache @cspotcode/source-map-support@https://registry.npmjs.org/@cspotcode/source-map-support/-/source-map-support-0.8.1.tgz 0ms (cache hit)
498 http cache @esbuild/win32-x64@https://registry.npmjs.org/@esbuild/win32-x64/-/win32-x64-0.27.3.tgz 0ms (cache hit)
499 http cache sharp@https://registry.npmjs.org/sharp/-/sharp-0.34.5.tgz 0ms (cache hit)
500 http cache youch@https://registry.npmjs.org/youch/-/youch-4.1.0-beta.10.tgz 0ms (cache hit)
501 http cache path-to-regexp@https://registry.npmjs.org/path-to-regexp/-/path-to-regexp-6.3.0.tgz 0ms (cache hit)
502 http cache workerd@https://registry.npmjs.org/workerd/-/workerd-1.20260317.1.tgz 0ms (cache hit)
503 http cache miniflare@https://registry.npmjs.org/miniflare/-/miniflare-4.20260317.3.tgz 0ms (cache hit)
504 http cache undici@https://registry.npmjs.org/undici/-/undici-7.24.4.tgz 0ms (cache hit)
505 http cache @cloudflare/kv-asset-handler@https://registry.npmjs.org/@cloudflare/kv-asset-handler/-/kv-asset-handler-0.4.2.tgz 0ms (cache hit)
506 http cache unenv@https://registry.npmjs.org/unenv/-/unenv-2.0.0-rc.24.tgz 0ms (cache hit)
507 http cache esbuild@https://registry.npmjs.org/esbuild/-/esbuild-0.27.3.tgz 0ms (cache hit)
508 http cache blake3-wasm@https://registry.npmjs.org/blake3-wasm/-/blake3-wasm-2.1.5.tgz 0ms (cache hit)
509 http cache @cloudflare/unenv-preset@https://registry.npmjs.org/@cloudflare/unenv-preset/-/unenv-preset-2.16.0.tgz 0ms (cache hit)
510 silly tarball no local data for error-stack-parser-es@https://registry.npmjs.org/error-stack-parser-es/-/error-stack-parser-es-1.0.5.tgz. Extracting by manifest.
511 http cache wrangler@https://registry.npmjs.org/wrangler/-/wrangler-4.78.0.tgz 0ms (cache hit)
512 silly tarball no local data for @poppinss/exception@https://registry.npmjs.org/@poppinss/exception/-/exception-1.2.3.tgz. Extracting by manifest.
513 silly tarball no local data for kleur@https://registry.npmjs.org/kleur/-/kleur-4.1.5.tgz. Extracting by manifest.
514 silly tarball no local data for @poppinss/dumper@https://registry.npmjs.org/@poppinss/dumper/-/dumper-0.6.5.tgz. Extracting by manifest.
515 silly tarball no local data for supports-color@https://registry.npmjs.org/supports-color/-/supports-color-10.2.2.tgz. Extracting by manifest.
516 silly tarball no local data for cookie@https://registry.npmjs.org/cookie/-/cookie-1.1.1.tgz. Extracting by manifest.
517 silly tarball no local data for @speed-highlight/core@https://registry.npmjs.org/@speed-highlight/core/-/core-1.2.15.tgz. Extracting by manifest.
518 silly tarball no local data for youch-core@https://registry.npmjs.org/youch-core/-/youch-core-0.3.3.tgz. Extracting by manifest.
519 silly tarball no local data for @sindresorhus/is@https://registry.npmjs.org/@sindresorhus/is/-/is-7.2.0.tgz. Extracting by manifest.
520 silly tarball no local data for @poppinss/colors@https://registry.npmjs.org/@poppinss/colors/-/colors-4.1.6.tgz. Extracting by manifest.
521 silly tarball no local data for @cloudflare/workerd-windows-64@https://registry.npmjs.org/@cloudflare/workerd-windows-64/-/workerd-windows-64-1.20260317.1.tgz. Extracting by manifest.
522 silly tarball no local data for @img/sharp-win32-x64@https://registry.npmjs.org/@img/sharp-win32-x64/-/sharp-win32-x64-0.34.5.tgz. Extracting by manifest.
523 silly tarball no local data for pathe@https://registry.npmjs.org/pathe/-/pathe-2.0.3.tgz. Extracting by manifest.
524 silly tarball no local data for @img/colour@https://registry.npmjs.org/@img/colour/-/colour-1.1.0.tgz. Extracting by manifest.
525 silly tarball no local data for semver@https://registry.npmjs.org/semver/-/semver-7.7.4.tgz. Extracting by manifest.
526 silly tarball no local data for @jridgewell/resolve-uri@https://registry.npmjs.org/@jridgewell/resolve-uri/-/resolve-uri-3.1.2.tgz. Extracting by manifest.
527 silly tarball no local data for detect-libc@https://registry.npmjs.org/detect-libc/-/detect-libc-2.1.2.tgz. Extracting by manifest.
528 silly tarball no local data for ws@https://registry.npmjs.org/ws/-/ws-8.18.0.tgz. Extracting by manifest.
529 silly tarball no local data for @jridgewell/sourcemap-codec@https://registry.npmjs.org/@jridgewell/sourcemap-codec/-/sourcemap-codec-1.5.5.tgz. Extracting by manifest.
530 silly tarball no local data for @jridgewell/trace-mapping@https://registry.npmjs.org/@jridgewell/trace-mapping/-/trace-mapping-0.3.9.tgz. Extracting by manifest.
531 silly tarball no local data for @cspotcode/source-map-support@https://registry.npmjs.org/@cspotcode/source-map-support/-/source-map-support-0.8.1.tgz. Extracting by manifest.
532 silly tarball no local data for @esbuild/win32-x64@https://registry.npmjs.org/@esbuild/win32-x64/-/win32-x64-0.27.3.tgz. Extracting by manifest.
533 silly tarball no local data for sharp@https://registry.npmjs.org/sharp/-/sharp-0.34.5.tgz. Extracting by manifest.
534 silly tarball no local data for youch@https://registry.npmjs.org/youch/-/youch-4.1.0-beta.10.tgz. Extracting by manifest.
535 silly tarball no local data for path-to-regexp@https://registry.npmjs.org/path-to-regexp/-/path-to-regexp-6.3.0.tgz. Extracting by manifest.
536 silly tarball no local data for workerd@https://registry.npmjs.org/workerd/-/workerd-1.20260317.1.tgz. Extracting by manifest.
537 silly tarball no local data for miniflare@https://registry.npmjs.org/miniflare/-/miniflare-4.20260317.3.tgz. Extracting by manifest.
538 silly tarball no local data for undici@https://registry.npmjs.org/undici/-/undici-7.24.4.tgz. Extracting by manifest.
539 silly tarball no local data for @cloudflare/kv-asset-handler@https://registry.npmjs.org/@cloudflare/kv-asset-handler/-/kv-asset-handler-0.4.2.tgz. Extracting by manifest.
540 silly tarball no local data for unenv@https://registry.npmjs.org/unenv/-/unenv-2.0.0-rc.24.tgz. Extracting by manifest.
541 silly tarball no local data for esbuild@https://registry.npmjs.org/esbuild/-/esbuild-0.27.3.tgz. Extracting by manifest.
542 silly tarball no local data for blake3-wasm@https://registry.npmjs.org/blake3-wasm/-/blake3-wasm-2.1.5.tgz. Extracting by manifest.
543 silly tarball no local data for @cloudflare/unenv-preset@https://registry.npmjs.org/@cloudflare/unenv-preset/-/unenv-preset-2.16.0.tgz. Extracting by manifest.
544 silly tarball no local data for wrangler@https://registry.npmjs.org/wrangler/-/wrangler-4.78.0.tgz. Extracting by manifest.
545 http fetch GET 200 https://registry.npmjs.org/supports-color/-/supports-color-10.2.2.tgz 241ms (cache miss)
546 http fetch POST 200 https://registry.npmjs.org/-/npm/v1/security/advisories/bulk 260ms
547 silly audit report {}
548 http fetch GET 200 https://registry.npmjs.org/kleur/-/kleur-4.1.5.tgz 259ms (cache miss)
549 http fetch GET 200 https://registry.npmjs.org/@img/colour/-/colour-1.1.0.tgz 354ms (cache miss)
550 http fetch GET 200 https://registry.npmjs.org/@poppinss/exception/-/exception-1.2.3.tgz 404ms (cache miss)
551 http fetch GET 200 https://registry.npmjs.org/pathe/-/pathe-2.0.3.tgz 472ms (cache miss)
552 http fetch GET 200 https://registry.npmjs.org/youch-core/-/youch-core-0.3.3.tgz 503ms (cache miss)
553 http fetch GET 200 https://registry.npmjs.org/@poppinss/dumper/-/dumper-0.6.5.tgz 546ms (cache miss)
554 http fetch GET 200 https://registry.npmjs.org/@sindresorhus/is/-/is-7.2.0.tgz 554ms (cache miss)
555 http fetch GET 200 https://registry.npmjs.org/@jridgewell/resolve-uri/-/resolve-uri-3.1.2.tgz 744ms (cache miss)
556 http fetch GET 200 https://registry.npmjs.org/@jridgewell/trace-mapping/-/trace-mapping-0.3.9.tgz 746ms (cache miss)
557 http fetch GET 200 https://registry.npmjs.org/ws/-/ws-8.18.0.tgz 936ms (cache miss)
558 http fetch GET 200 https://registry.npmjs.org/@poppinss/colors/-/colors-4.1.6.tgz 1008ms (cache miss)
559 http fetch GET 200 https://registry.npmjs.org/cookie/-/cookie-1.1.1.tgz 1039ms (cache miss)
560 http fetch GET 200 https://registry.npmjs.org/youch/-/youch-4.1.0-beta.10.tgz 1068ms (cache miss)
561 http fetch GET 200 https://registry.npmjs.org/error-stack-parser-es/-/error-stack-parser-es-1.0.5.tgz 1098ms (cache miss)
562 http fetch GET 200 https://registry.npmjs.org/detect-libc/-/detect-libc-2.1.2.tgz 1106ms (cache miss)
563 warn tar TAR_ENTRY_ERROR ENOENT: no such file or directory, open 'D:\Git\SKLand_Endfield_Checkin_bot\.npm-cache\_npx\32026684e21afda6\nodd_modules\@speed-highlight\core\dist\node\languages\git.d.ts'
564 silly tar TAR_ENTRY_ERROR ENOENT: no such file or directory, open 'D:\Git\SKLand_Endfield_Checkin_bot\.npm-cache\_npx\32026684e21afda6\nodd_modules\@speed-highlight\core\dist\node\languages\git.d.ts' [Error: ENOENT: no such file or directory, open 'D:\Git\SKLand_Endfield_Checkin_bot\.npm-cache\_npx\32026684e21afda6\nodd_modules\@speed-highlight\core\dist\node\languages\git.d.ts'] {
564 silly tar   errno: -4058,
564 silly tar   code: 'ENOENT',
564 silly tar   syscall: 'open',
564 silly tar   path: 'D:\\Git\\SKLand_Endfield_Checkin_bot\\.npm-cache\\_npx\\32026684e21afda6\\nodd_modules\\@speed-highlight\\core\\dist\\node\\languages\\git.d.ts',
564 silly tar   entry: ReadEntry {
564 silly tar     _events: [Object: null prototype] {},
564 silly tar     _eventsCount: 0,
564 silly tar     _maxListeners: undefined,
564 silly tar     writable: false,
564 silly tar     readable: false,
564 silly tar     extended: undefined,
564 silly tar     globalExtended: undefined,
564 silly tar     header: Header {
564 silly tar       cksumValid: true,
564 silly tar       needPax: false,
564 silly tar       nullBlock: false,
564 silly tar       block: undefined,
564 silly tar       path: 'package/dist/node/languages/git.d.ts',
564 silly tar       mode: 420,
564 silly tar       uid: undefined,
564 silly tar       gid: undefined,
564 silly tar       size: 264,
564 silly tar       cksum: 6454,
564 silly tar       linkpath: '',
564 silly tar       uname: '',
564 silly tar       gname: '',
564 silly tar       devmaj: 0,
564 silly tar       devmin: 0,
564 silly tar       atime: undefined,
564 silly tar       ctime: undefined,
564 silly tar       mtime: 1985-10-26T08:15:00.000Z,
564 silly tar       charset: undefined,
564 silly tar       comment: undefined
564 silly tar     },
564 silly tar     startBlockSize: 512,
564 silly tar     blockRemain: 0,
564 silly tar     remain: 0,
564 silly tar     type: 'File',
564 silly tar     meta: false,
564 silly tar     ignore: false,
564 silly tar     path: 'dist/node/languages/git.d.ts',
564 silly tar     mode: 438,
564 silly tar     uid: undefined,
564 silly tar     gid: undefined,
564 silly tar     uname: '',
564 silly tar     gname: '',
564 silly tar     size: 264,
564 silly tar     mtime: 1985-10-26T08:15:00.000Z,
564 silly tar     atime: undefined,
564 silly tar     ctime: undefined,
564 silly tar     linkpath: undefined,
564 silly tar     dev: undefined,
564 silly tar     ino: undefined,
564 silly tar     nlink: undefined,
564 silly tar     invalid: false,
564 silly tar     absolute: 'D:/Git/SKLand_Endfield_Checkin_bot/.npm-cache/_npx/32026684e21afda6/node_modules/@speed-highlight/core/dist/node/languages/git.d.ts',
564 silly tar     unsupported: false,
564 silly tar     Symbol(shapeMode): false,
564 silly tar     Symbol(kCapture): false,
564 silly tar     Symbol(flowing): false,
564 silly tar     Symbol(paused): true,
564 silly tar     Symbol(pipes): [ [Pipe] ],
564 silly tar     Symbol(buffer): [],
564 silly tar     Symbol(objectMode): false,
564 silly tar     Symbol(encoding): null,
564 silly tar     Symbol(async): false,
564 silly tar     Symbol(decoder): null,
564 silly tar     Symbol(EOF): true,
564 silly tar     Symbol(emittedEnd): true,
564 silly tar     Symbol(emittingEnd): false,
564 silly tar     Symbol(closed): false,
564 silly tar     Symbol(emittedError): null,
564 silly tar     Symbol(bufferLength): 0,
564 silly tar     Symbol(destroyed): false,
564 silly tar     Symbol(signal): undefined,
564 silly tar     Symbol(aborted): false,
564 silly tar     Symbol(dataListeners): 0,
564 silly tar     Symbol(discarded): false
564 silly tar   },
564 silly tar   cwd: 'D:/Git/SKLand_Endfield_Checkin_bot/.npm-cache/_npx/32026684e21afda6/node_modules/@speed-highlight/core',
564 silly tar   tarCode: 'TAR_ENTRY_ERROR'
564 silly tar }
565 http fetch GET 200 https://registry.npmjs.org/@speed-highlight/core/-/core-1.2.15.tgz 1288ms (cache miss)
566 http fetch GET 200 https://registry.npmjs.org/semver/-/semver-7.7.4.tgz 1341ms (cache miss)
567 http fetch GET 200 https://registry.npmjs.org/@jridgewell/sourcemap-codec/-/sourcemap-codec-1.5.5.tgz 1375ms (cache miss)
568 http fetch GET 200 https://registry.npmjs.org/@cloudflare/unenv-preset/-/unenv-preset-2.16.0.tgz 1592ms (cache miss)
569 http fetch GET 200 https://registry.npmjs.org/@cspotcode/source-map-support/-/source-map-support-0.8.1.tgz 1735ms (cache miss)
570 http fetch GET 200 https://registry.npmjs.org/esbuild/-/esbuild-0.27.3.tgz 1877ms (cache miss)
571 http fetch GET 200 https://registry.npmjs.org/path-to-regexp/-/path-to-regexp-6.3.0.tgz 1991ms (cache miss)
572 http fetch GET 200 https://registry.npmjs.org/sharp/-/sharp-0.34.5.tgz 2034ms (cache miss)
573 http fetch GET 200 https://registry.npmjs.org/blake3-wasm/-/blake3-wasm-2.1.5.tgz 2189ms (cache miss)
574 http fetch GET 200 https://registry.npmjs.org/@cloudflare/kv-asset-handler/-/kv-asset-handler-0.4.2.tgz 2197ms (cache miss)
575 http fetch GET 200 https://registry.npmjs.org/undici/-/undici-7.24.4.tgz 3173ms (cache miss)
576 http fetch GET 200 https://registry.npmjs.org/unenv/-/unenv-2.0.0-rc.24.tgz 10010ms (cache miss)
577 http fetch GET 200 https://registry.npmjs.org/workerd/-/workerd-1.20260317.1.tgz 23482ms (cache miss)
578 http fetch GET 200 https://registry.npmjs.org/miniflare/-/miniflare-4.20260317.3.tgz 23693ms (cache miss)
579 http fetch GET 200 https://registry.npmjs.org/@esbuild/win32-x64/-/win32-x64-0.27.3.tgz 25459ms (cache miss)
580 http fetch GET 200 https://registry.npmjs.org/wrangler/-/wrangler-4.78.0.tgz 35905ms (cache miss)
581 http fetch GET 200 https://registry.npmjs.org/@img/sharp-win32-x64/-/sharp-win32-x64-0.34.5.tgz 37298ms (cache miss)
582 http fetch GET 200 https://registry.npmjs.org/@cloudflare/workerd-windows-64/-/workerd-windows-64-1.20260317.1.tgz 139149ms (cache miss)
583 info run sharp@0.34.5 install node_modules/sharp node install/check.js || npm run build
584 info run sharp@0.34.5 install { code: 0, signal: null }
585 info run esbuild@0.27.3 postinstall node_modules/esbuild node install.js
586 info run workerd@1.20260317.1 postinstall node_modules/workerd node install.js
587 info run esbuild@0.27.3 postinstall { code: 0, signal: null }
588 info run workerd@1.20260317.1 postinstall { code: 0, signal: null }
589 verbose cwd D:\Git\SKLand_Endfield_Checkin_bot
590 verbose os Windows_NT 10.0.26200
591 verbose node v25.2.1
592 verbose npm  v11.6.2
593 verbose exit 0
594 info ok
